chr1 119421709 119421709 C -
chr1 151760036 151760046 GAGGGAGAGTA -
chr1 154960916 154960916 - GACAG
chr1 180787872 180787872 T -
chr1 201069289 201069292 CATT -
chr1 207473505 207473505 - CCTGT
chr1 52238167 52238202 AAGTATAGGTAGAGACCCCTCCATGTCTGCGATTAC -
chr1 7745037 7745037 - GCT
chr1 77783343 77783343 - TCTCTG
