chr1 103004573 103004573 T C
chr1 1045564 1045564 C A
chr1 109280342 109280342 C T
chr1 109985119 109985119 G A
chr1 11082881 11082881 G C
chr1 111456243 111456243 C T
chr1 11680386 11680386 G A
chr1 11768146 11768146 G A
chr1 12110094 12110094 C A
chr1 12271073 12271073 C A
chr1 12373788 12373788 A G
chr1 1265006 1265006 T C
chr1 13391994 13391994 C A
chr1 1395501 1395501 G C
chr1 150263594 150263594 G A
chr1 153360722 153360722 G C
chr1 153458076 153458076 C T
chr1 154246140 154246140 G A
chr1 154269272 154269272 T C
chr1 155309766 155309766 C A
chr1 155868032 155868032 C G
chr1 156138627 156138627 C T
chr1 156138636 156138636 C T
chr1 156225714 156225714 G C
chr1 156669507 156669507 C G
chr1 157699828 157699828 C T
chr1 158290209 158290209 C G
chr1 158626275 158626275 C G
chr1 15945292 15945292 A C
chr1 161218613 161218613 C A
chr1 167848560 167848560 C A
chr1 169422070 169422070 C G
chr1 170167880 170167880 C T
chr1 179118664 179118664 A G
chr1 181005312 181005312 C T
chr1 183125555 183125555 G A
chr1 186144549 186144549 G T
chr1 186145915 186145915 C A
chr1 190454880 190454880 C T
chr1 193049824 193049824 G C
chr1 19978098 19978098 C A
chr1 200408742 200408742 A T
chr1 200592240 200592240 C A
chr1 20745610 20745610 C A
chr1 20855118 20855118 G A
chr1 214391027 214391027 G A
chr1 215965451 215965451 G T
chr1 22639118 22639118 G A
chr1 227016899 227016899 T G
chr1 229431755 229431755 A C
chr1 230660857 230660857 C A
chr1 237614195 237614195 T A
chr1 240207543 240207543 C G
chr1 26280168 26280168 C A
chr1 27322183 27322183 C A
chr1 27907137 27907137 C A
chr1 28743547 28743547 C G
chr1 32702628 32702628 G T
chr1 35114903 35114903 C A
chr1 39965989 39965989 A C
chr1 41513842 41513842 C A
chr1 42381153 42381153 G C
chr1 43317948 43317948 G A
chr1 43416574 43416574 A C
chr1 43814972 43814972 G C
chr1 43956552 43956552 C A
chr1 45328112 45328112 C G
chr1 62494171 62494171 C G
chr1 62494416 62494416 C G
chr1 63412027 63412027 G A
chr1 64883511 64883511 C G
chr1 68481645 68481645 C G
chr1 74599955 74599955 T C
chr1 7640519 7640519 G A
chr1 77968234 77968234 C T
chr1 92180810 92180810 G C
chr1 9613041 9613041 C T
